OK gioi-thieu 10 6
OK khoa-hoc-dolphin 3 3
OK khoa-hoc-turtle 3 3
OK khoa-hoc-bee 3 3
OK khoa-hoc-monkey 3 3
OK khoa-hoc-elephant 2 2
OK khoa-trung-cap-jaguar 3 3
OK khoa-hoc-co-vua-online 3 3
OK khoa-hoc-co-vua-tai-nha 3 3
OK khoa-hoc-online 0 0
OK tin-tuc 0 0
OK kien-thuc-co-vua 0 0
OK co-vua-cuoc-song 0 0
OK cau-chuyen-cuoc-song 0 0
OK su-kien-giai-dau 3 3
OK cua-hang 1 1
OK lien-he 0 0
OK khoa-hoc 1 1
OK tuyen-dung 1 1
OK hinh-anh 16 16
OK chinh-sach-khach-hang 0 0
OK faqs-phu-huynh 0 0
OK dieu-khoan 0 0
OK sp-ban-co-vua 0 0
OK sp-keychains 0 0
OK sp-dong-ho-thi-dau-co 0 0
OK sp-bo-co-vua-go 0 0
OK sp-dong-ho-leap 0 0
OK kh-online-nang-cao 0 0
OK kh-online-trung-cap 0 0
OK kh-online-co-ban 0 0
OK bai-tin-tuc 0 0
OK bai-kien-thuc 0 0
OK bai-co-vua-cuoc-song 0 0
OK bai-cau-chuyen 0 0
OK dang-ky-hoc-thu 2 2
