OK gioi-thieu 585 nodes 312KB
OK khoa-hoc-dolphin 255 nodes 255KB
OK khoa-hoc-turtle 227 nodes 253KB
OK khoa-hoc-bee 218 nodes 252KB
OK khoa-hoc-monkey 227 nodes 252KB
OK khoa-hoc-elephant 221 nodes 253KB
OK khoa-trung-cap-jaguar 212 nodes 253KB
OK khoa-hoc-co-vua-online 208 nodes 253KB
OK khoa-hoc-co-vua-tai-nha 214 nodes 252KB
OK khoa-hoc-online 256 nodes 275KB
OK tin-tuc 361 nodes 278KB
OK kien-thuc-co-vua 346 nodes 273KB
OK co-vua-cuoc-song 361 nodes 277KB
OK cau-chuyen-cuoc-song 361 nodes 276KB
OK su-kien-giai-dau 304 nodes 286KB
OK cua-hang 372 nodes 427KB
OK lien-he 243 nodes 250KB
OK khoa-hoc 247 nodes 248KB
OK tuyen-dung 231 nodes 251KB
OK hinh-anh 336 nodes 297KB
OK chinh-sach-khach-hang 223 nodes 247KB
OK faqs-phu-huynh 198 nodes 244KB
OK dieu-khoan 231 nodes 247KB
OK sp-ban-co-vua 398 nodes 444KB
OK sp-keychains 361 nodes 442KB
OK sp-dong-ho-thi-dau-co 398 nodes 445KB
OK sp-bo-co-vua-go 398 nodes 445KB
OK sp-dong-ho-leap 398 nodes 444KB
OK kh-online-nang-cao 598 nodes 418KB
OK kh-online-trung-cap 625 nodes 421KB
OK kh-online-co-ban 524 nodes 409KB
OK bai-tin-tuc 590 nodes 351KB
OK bai-kien-thuc 611 nodes 321KB
OK bai-co-vua-cuoc-song 620 nodes 331KB
OK bai-cau-chuyen 472 nodes 300KB
OK dang-ky-hoc-thu 281 nodes 262KB
